

~/Downloads/redis/redis-3.2.0-rc3/src/redis-server

~/Downloads/redis/redis-3.2.0-rc3/src/redis-cli



~/Documents/repositories/weblabSpring2016/week8-intro-server-side/serverside1/diceware/diceware.wordlist.txt

cat diceware.wordlist.txt | redis-cli --pipe

127.0.0.1:6379> del 11111
(integer) 1
127.0.0.1:6379> exit
steves@druk-omen4:~/Downloads/redis/redis-3.2.0-rc3/src$ head diceware.wordlist.txt 
set 11111 a
set 11112 a&p
set 11113 a's
set 11114 aa
set 11115 aaa
set 11116 aaaa
set 11121 aaron
set 11122 ab
set 11123 aba
set 11124 ababa
steves@druk-omen4:~/Downloads/redis/redis-3.2.0-rc3/src$ cat diceware.wordlist.txt | redis-cli --pipe
The program 'redis-cli' is currently not installed. You can install it by typing:
sudo apt-get install redis-tools
steves@druk-omen4:~/Downloads/redis/redis-3.2.0-rc3/src$ cat diceware.wordlist.txt | ./redis-cli --pipe
All data transferred. Waiting for the last reply...
Error writing to the server: Connection reset by peer

cat diceware.wordlist2.txt | ./redis-cli --pipe

steves@druk-omen4:~/Downloads/redis/redis-3.2.0-rc3/src$ ll diceware.wordlist2.txt 
-rw-rw-r-- 1 steves steves 134050 Mar  7 14:41 diceware.wordlist2.txt
steves@druk-omen4:~/Downloads/redis/redis-3.2.0-rc3/src$ cat diceware.wordlist2.txt | ./redis-cli --pipe
All data transferred. Waiting for the last reply...
ERR unknown command 'et'
ERR unknown command 'et'
...
ERR unknown command 'et'
ERR Protocol error: unbalanced quotes in request
^C

(cat diceware.wordlist2.txt; sleep 10) | nc localhost 6379 > /dev/null

steves@druk-omen4:~/Downloads/redis/redis-3.2.0-rc3/src$ (cat diceware.wordlist2.txt; sleep 10) | nc localhost 6379 > /dev/null

++++++++
this appears to work, except for one illegal char.

steves@druk-omen4:~/Downloads/redis/redis-3.2.0-rc3/src$ ./redis-cli < diceware.wordlist2.txt
OK
OK
...
OK
17547:M 07 Mar 14:52:40.914 * Background saving terminated with success
OK
...
OK
Invalid argument(s)
OK


















diceware.wordlist.json

[
{"rollId":11111,"Word":"a"},
{"rollId":11112,"Word":"a&p"},
{"rollId":11113,"Word":"a's"},
{"rollId":11114,"Word":"aa"},
{"rollId":11115,"Word":"aaa"},
]




[
set {"rollId":11111,"Word":"a"}
set {"rollId":11112,"Word":"a&p"}
set {"rollId":11113,"Word":"a's"}
set {"rollId":11114,"Word":"aa"}
set {"rollId":11115,"Word":"aaa"}
]

set "rollId":11111,"Word":"a"

set rollId:11111 word:"a"

set 11111 a

:%s/^{"rollId":/set /g

:%s/,"Word":"/ /g

:%s/"}//g
